../startup/startup_mke18f16.c:412:6:data_init	4	static
../startup/startup_mke18f16.c:421:6:bss_init	0	static
../startup/startup_mke18f16.c:446:6:ResetISR	8	static
../startup/startup_mke18f16.c:554:14:NMI_Handler	0	static
../startup/startup_mke18f16.c:558:14:HardFault_Handler	0	static
../startup/startup_mke18f16.c:562:14:MemManage_Handler	0	static
../startup/startup_mke18f16.c:566:14:BusFault_Handler	0	static
../startup/startup_mke18f16.c:570:14:UsageFault_Handler	0	static
../startup/startup_mke18f16.c:574:14:SVC_Handler	0	static
../startup/startup_mke18f16.c:578:14:DebugMon_Handler	0	static
../startup/startup_mke18f16.c:582:14:PendSV_Handler	0	static
../startup/startup_mke18f16.c:586:14:SysTick_Handler	0	static
../startup/startup_mke18f16.c:594:14:IntDefaultHandler	0	static
../startup/startup_mke18f16.c:604:11:DMA0_IRQHandler	8	static
../startup/startup_mke18f16.c:608:11:DMA1_IRQHandler	8	static
../startup/startup_mke18f16.c:612:11:DMA2_IRQHandler	8	static
../startup/startup_mke18f16.c:616:11:DMA3_IRQHandler	8	static
../startup/startup_mke18f16.c:620:11:DMA4_IRQHandler	8	static
../startup/startup_mke18f16.c:624:11:DMA5_IRQHandler	8	static
../startup/startup_mke18f16.c:628:11:DMA6_IRQHandler	8	static
../startup/startup_mke18f16.c:632:11:DMA7_IRQHandler	8	static
../startup/startup_mke18f16.c:636:11:DMA8_IRQHandler	8	static
../startup/startup_mke18f16.c:640:11:DMA9_IRQHandler	8	static
../startup/startup_mke18f16.c:644:11:DMA10_IRQHandler	8	static
../startup/startup_mke18f16.c:648:11:DMA11_IRQHandler	8	static
../startup/startup_mke18f16.c:652:11:DMA12_IRQHandler	8	static
../startup/startup_mke18f16.c:656:11:DMA13_IRQHandler	8	static
../startup/startup_mke18f16.c:660:11:DMA14_IRQHandler	8	static
../startup/startup_mke18f16.c:664:11:DMA15_IRQHandler	8	static
../startup/startup_mke18f16.c:668:11:DMA_Error_IRQHandler	8	static
../startup/startup_mke18f16.c:672:11:MCM_IRQHandler	8	static
../startup/startup_mke18f16.c:676:11:FTFE_IRQHandler	8	static
../startup/startup_mke18f16.c:680:11:Read_Collision_IRQHandler	8	static
../startup/startup_mke18f16.c:684:11:LVD_LVW_IRQHandler	8	static
../startup/startup_mke18f16.c:688:11:Doublebit_Fault_IRQHandler	8	static
../startup/startup_mke18f16.c:692:11:WDOG_EWM_IRQHandler	8	static
../startup/startup_mke18f16.c:696:11:Reserved39_IRQHandler	8	static
../startup/startup_mke18f16.c:700:11:LPI2C0_IRQHandler	8	static
../startup/startup_mke18f16.c:704:11:LPI2C1_IRQHandler	8	static
../startup/startup_mke18f16.c:708:11:LPSPI0_IRQHandler	8	static
../startup/startup_mke18f16.c:712:11:LPSPI1_IRQHandler	8	static
../startup/startup_mke18f16.c:716:11:Reserved44_IRQHandler	8	static
../startup/startup_mke18f16.c:720:11:PWT_IRQHandler	8	static
../startup/startup_mke18f16.c:724:11:Reserved46_IRQHandler	8	static
../startup/startup_mke18f16.c:728:11:LPUART0_TX_IRQHandler	8	static
../startup/startup_mke18f16.c:732:11:LPUART0_RX_IRQHandler	8	static
../startup/startup_mke18f16.c:736:11:LPUART1_TX_IRQHandler	8	static
../startup/startup_mke18f16.c:740:11:LPUART1_RX_IRQHandler	8	static
../startup/startup_mke18f16.c:744:11:LPUART2_TX_IRQHandler	8	static
../startup/startup_mke18f16.c:748:11:LPUART2_RX_IRQHandler	8	static
../startup/startup_mke18f16.c:752:11:Reserved53_IRQHandler	8	static
../startup/startup_mke18f16.c:756:11:Reserved54_IRQHandler	8	static
../startup/startup_mke18f16.c:760:11:ADC0_IRQHandler	8	static
../startup/startup_mke18f16.c:764:11:CMP0_IRQHandler	8	static
../startup/startup_mke18f16.c:768:11:CMP1_IRQHandler	8	static
../startup/startup_mke18f16.c:772:11:FTM0_IRQHandler	8	static
../startup/startup_mke18f16.c:776:11:FTM1_IRQHandler	8	static
../startup/startup_mke18f16.c:780:11:FTM2_IRQHandler	8	static
../startup/startup_mke18f16.c:784:11:Reserved61_IRQHandler	8	static
../startup/startup_mke18f16.c:788:11:RTC_IRQHandler	8	static
../startup/startup_mke18f16.c:792:11:RTC_Seconds_IRQHandler	8	static
../startup/startup_mke18f16.c:796:11:LPIT0_Ch0_IRQHandler	8	static
../startup/startup_mke18f16.c:800:11:LPIT0_Ch1_IRQHandler	8	static
../startup/startup_mke18f16.c:804:11:LPIT0_Ch2_IRQHandler	8	static
../startup/startup_mke18f16.c:808:11:LPIT0_Ch3_IRQHandler	8	static
../startup/startup_mke18f16.c:812:11:PDB0_IRQHandler	8	static
../startup/startup_mke18f16.c:816:11:Reserved69_IRQHandler	8	static
../startup/startup_mke18f16.c:820:11:Reserved70_IRQHandler	8	static
../startup/startup_mke18f16.c:824:11:Reserved71_IRQHandler	8	static
../startup/startup_mke18f16.c:828:11:DAC0_IRQHandler	8	static
../startup/startup_mke18f16.c:832:11:SCG_RCM_IRQHandler	8	static
../startup/startup_mke18f16.c:836:11:LPTMR0_IRQHandler	8	static
../startup/startup_mke18f16.c:840:11:PORTA_IRQHandler	8	static
../startup/startup_mke18f16.c:844:11:PORTB_IRQHandler	8	static
../startup/startup_mke18f16.c:848:11:PORTC_IRQHandler	8	static
../startup/startup_mke18f16.c:852:11:PORTD_IRQHandler	8	static
../startup/startup_mke18f16.c:856:11:PORTE_IRQHandler	8	static
../startup/startup_mke18f16.c:860:11:SWI_IRQHandler	8	static
../startup/startup_mke18f16.c:864:11:Reserved81_IRQHandler	8	static
../startup/startup_mke18f16.c:868:11:Reserved82_IRQHandler	8	static
../startup/startup_mke18f16.c:872:11:Reserved83_IRQHandler	8	static
../startup/startup_mke18f16.c:876:11:PDB1_IRQHandler	8	static
../startup/startup_mke18f16.c:880:11:FLEXIO_IRQHandler	8	static
../startup/startup_mke18f16.c:884:11:CMP2_IRQHandler	8	static
../startup/startup_mke18f16.c:888:11:FTM3_IRQHandler	8	static
../startup/startup_mke18f16.c:892:11:Reserved88_IRQHandler	8	static
../startup/startup_mke18f16.c:896:11:ADC1_IRQHandler	8	static
../startup/startup_mke18f16.c:900:11:ADC2_IRQHandler	8	static
../startup/startup_mke18f16.c:904:11:Reserved91_IRQHandler	8	static
../startup/startup_mke18f16.c:908:11:Reserved92_IRQHandler	8	static
../startup/startup_mke18f16.c:912:11:PDB2_IRQHandler	8	static
../startup/startup_mke18f16.c:916:11:CAN0_ORed_IRQHandler	8	static
../startup/startup_mke18f16.c:920:11:CAN0_Error_IRQHandler	8	static
../startup/startup_mke18f16.c:924:11:CAN0_Wake_Up_IRQHandler	8	static
../startup/startup_mke18f16.c:928:11:CAN0_ORed_Message_buffer_IRQHandler	8	static
../startup/startup_mke18f16.c:932:11:Reserved98_IRQHandler	8	static
../startup/startup_mke18f16.c:936:11:Reserved99_IRQHandler	8	static
../startup/startup_mke18f16.c:940:11:Reserved100_IRQHandler	8	static
../startup/startup_mke18f16.c:944:11:CAN1_ORed_IRQHandler	8	static
../startup/startup_mke18f16.c:948:11:CAN1_Error_IRQHandler	8	static
../startup/startup_mke18f16.c:952:11:CAN1_Wake_Up_IRQHandler	8	static
../startup/startup_mke18f16.c:956:11:CAN1_ORed_Message_buffer_IRQHandler	8	static
