../drivers/fsl_clock.h:644:20:CLOCK_EnableClock	16	static
../drivers/fsl_clock.h:656:20:CLOCK_DisableClock	16	static
../drivers/fsl_clock.h:844:20:CLOCK_GetCurSysClkConfig	24	static
../drivers/fsl_clock.c:103:10:CLOCK_GetErClkFreq	16	static
../drivers/fsl_clock.c:126:10:CLOCK_GetOsc32kClkFreq	8	static
../drivers/fsl_clock.c:137:10:CLOCK_GetFlashClkFreq	8	static
../drivers/fsl_clock.c:147:10:CLOCK_GetBusClkFreq	8	static
../drivers/fsl_clock.c:157:10:CLOCK_GetCoreSysClkFreq	8	static
../drivers/fsl_clock.c:171:10:CLOCK_GetFreq	24	static
../drivers/fsl_clock.c:253:10:CLOCK_GetIpFreq	32	static
../drivers/fsl_clock.c:300:6:OSC32_Init	16	static
../drivers/fsl_clock.c:324:6:OSC32_Deinit	16	static
../drivers/fsl_clock.c:342:10:CLOCK_GetSysClkFreq	24	static
../drivers/fsl_clock.c:401:10:CLOCK_InitSysOsc	32	static
../drivers/fsl_clock.c:472:10:CLOCK_DeinitSysOsc	16	static
../drivers/fsl_clock.c:502:10:CLOCK_GetSysOscFreq	16	static
../drivers/fsl_clock.c:526:10:CLOCK_GetSysOscAsyncFreq	32	static
../drivers/fsl_clock.c:574:10:CLOCK_InitSirc	24	static
../drivers/fsl_clock.c:615:10:CLOCK_DeinitSirc	16	static
../drivers/fsl_clock.c:644:10:CLOCK_GetSircFreq	16	static
../drivers/fsl_clock.c:667:10:CLOCK_GetSircAsyncFreq	32	static
../drivers/fsl_clock.c:714:10:CLOCK_InitFirc	24	static
../drivers/fsl_clock.c:779:10:CLOCK_DeinitFirc	16	static
../drivers/fsl_clock.c:807:10:CLOCK_GetFircFreq	16	static
../drivers/fsl_clock.c:836:10:CLOCK_GetFircAsyncFreq	32	static
../drivers/fsl_clock.c:885:10:CLOCK_GetSysPllMultDiv	48	static
../drivers/fsl_clock.c:1018:10:CLOCK_InitSysPll	24	static
../drivers/fsl_clock.c:1065:10:CLOCK_DeinitSysPll	16	static
../drivers/fsl_clock.c:1090:17:CLOCK_GetSysPllCommonFreq	16	static
../drivers/fsl_clock.c:1117:10:CLOCK_GetSysPllFreq	16	static
../drivers/fsl_clock.c:1139:10:CLOCK_GetSysPllAsyncFreq	32	static
