C:\Users\tpala\Documents\MCUXpressoIDE_24.9.25\workspace\LCD_FINAL_Project\drivers/fsl_clock.h:784:20:CLOCK_SetVlprModeSysClkConfig	24	static
C:\Users\tpala\Documents\MCUXpressoIDE_24.9.25\workspace\LCD_FINAL_Project\drivers/fsl_clock.h:804:20:CLOCK_SetRunModeSysClkConfig	24	static
C:\Users\tpala\Documents\MCUXpressoIDE_24.9.25\workspace\LCD_FINAL_Project\drivers/fsl_clock.h:824:20:CLOCK_SetHsrunModeSysClkConfig	24	static
C:\Users\tpala\Documents\MCUXpressoIDE_24.9.25\workspace\LCD_FINAL_Project\drivers/fsl_clock.h:844:20:CLOCK_GetCurSysClkConfig	24	static
C:\Users\tpala\Documents\MCUXpressoIDE_24.9.25\workspace\LCD_FINAL_Project\drivers/fsl_smc.h:256:20:SMC_SetPowerModeProtection	16	static
C:\Users\tpala\Documents\MCUXpressoIDE_24.9.25\workspace\LCD_FINAL_Project\drivers/fsl_smc.h:275:33:SMC_GetPowerModeState	16	static
../board/clock_config.c:70:13:CLOCK_CONFIG_FircSafeConfig	32	static
../board/clock_config.c:108:6:BOARD_InitBootClocks	8	static
../board/clock_config.c:197:6:BOARD_BootClockVLPR	8	static
../board/clock_config.c:303:6:BOARD_BootClockRUN	16	static
../board/clock_config.c:411:6:BOARD_BootClockHSRUN	16	static
